byte 9 + short 938=947
int 3652147 + uint 0x80000000=2151135795
9.391 / 3.2=2.9346875
