abcasm/syntaxErrors.abs

Unable to assemble abcasm/syntaxErrors.abs due to syntax errors:
line 10:1 Unimplemented opcode "zuul"
line 17:1 no viable alternative at input 'pushnull'
line 20:26 no viable alternative at input '44.2'
line 23:4 no viable alternative at input '11'
line 26:11 Unimplemented opcode "extra_operand"
line 29:11 no viable alternative at input '"zerg"'
line 32:2 Unimplemented opcode "foodle"
line 38:0 required (...)+ loop did not match anything at input '}'
